┌[*] Tree─────────────────────┐ ┌[ ] Details───────────────────────────────────┐
│ > [/] /                     │ │ Root                                         │
│                             │ │ Name               /                         │
│                             │ │ Path               /                         │
│                             │ │ Direct connections 0                         │
│                             │ │ No direct connections.                       │
│                             │ │                                              │
│                             │ │                                              │
│                             │ │                                              │
│                             │ │                                              │
│                             │ └──────────────────────────────────────────────┘
│                             │ ┌[ ] Tunnels (0 active)────────────────────────┐
│                             │ │ No tunnels; select host, p Forward           │
│                             │ │                                              │
│                             │ │                                              │
│                             │ │                                              │
│                             │ │                                              │
│                             │ │                                              │
│                             │ │                                              │
│                             │ │                                              │
└─────────────────────────────┘ └──────────────────────────────────────────────┘

q Quit  |  ? Help  |  Tab/Shift+Tab/F2 Focus  |  t Tunnels  |  Up/k Move up
Down/j Move down  |  / Filter  |  n New connection  |  f New folder
