┌[*] Tree──────────────────────────────┐
│ > [/] /                              │
└──────────────────────────────────────┘
┌[ ] Details───────────────────────────┐
│ Root                                █│
└──────────────────────────────────────┘
┌[ ] Tunnels (0 active)────────────────┐
│ No tunnels                           │
└──────────────────────────────────────┘
q Quit  |  ? Help
Tab/Shift+Tab/F2 Focus  |  t Tunnels
Hidden actions — ? Help
